[2026-06-10 12:33:54 ] === Starting daily wiki sync ===
[2026-06-10 12:33:54 ] git fetch origin
[2026-06-10 12:33:54 ] No incoming changes
[2026-06-10 12:33:54 ] Local changes detected. Committing and pushing...
[2026-06-10 12:33:54 ] Push successful
[2026-06-10 12:33:54 ] Running graphify update...
[2026-06-10 12:33:54 ] graphify failed (non-fatal): 'graphify' is not recognized as an internal or external command,
operable program or batch file.

[2026-06-10 12:33:54 ] === Sync complete ===
[2026-06-10 20:00:33 ] === Starting daily wiki sync ===
[2026-06-10 20:00:33 ] git fetch origin
[2026-06-10 20:00:33 ] No incoming changes
[2026-06-10 20:00:33 ] Local changes detected. Committing and pushing...
[2026-06-10 20:00:33 ] Push successful
[2026-06-10 20:00:33 ] Running graphify update...
[2026-06-10 20:00:33 ] graphify failed (non-fatal): 'graphify' is not recognized as an internal or external command,
operable program or batch file.

[2026-06-10 20:00:33 ] === Sync complete ===
[2026-06-11 20:00:53 ] === Starting daily wiki sync ===
[2026-06-11 20:00:53 ] git fetch origin
[2026-06-11 20:00:53 ] No incoming changes
[2026-06-11 20:00:53 ] Local changes detected. Committing and pushing...
[2026-06-11 20:00:53 ] Push successful
[2026-06-11 20:00:53 ] Running graphify update...
[2026-06-11 20:00:53 ] graphify failed (non-fatal): 'graphify' is not recognized as an internal or external command,
operable program or batch file.

[2026-06-11 20:00:53 ] === Sync complete ===
[2026-06-12 20:00:14 ] === Starting daily wiki sync ===
[2026-06-12 20:00:14 ] git fetch origin
[2026-06-12 20:00:14 ] No incoming changes
[2026-06-12 20:00:14 ] Local changes detected. Committing and pushing...
[2026-06-12 20:00:14 ] Push successful
[2026-06-12 20:00:14 ] Running graphify update...
[2026-06-12 20:00:14 ] graphify failed (non-fatal): 'graphify' is not recognized as an internal or external command,
operable program or batch file.

[2026-06-12 20:00:14 ] === Sync complete ===
[2026-06-13 20:00:12 ] === Starting daily wiki sync ===
[2026-06-13 20:00:12 ] git fetch origin
[2026-06-13 20:00:12 ] Incoming changes: 1 commits. Merging...
[2026-06-13 20:00:12 ] Merge successful
[2026-06-13 20:00:12 ] Local changes detected. Committing and pushing...
[2026-06-13 20:00:12 ] Push successful
[2026-06-13 20:00:12 ] Running graphify update...
[2026-06-13 20:00:12 ] graphify failed (non-fatal): 'graphify' is not recognized as an internal or external command,
operable program or batch file.

[2026-06-13 20:00:12 ] === Sync complete ===
[2026-06-14 20:00:52 ] === Starting daily wiki sync ===
[2026-06-14 20:00:52 ] git fetch origin
[2026-06-14 20:00:52 ] Incoming changes: 1 commits. Merging...
[2026-06-14 20:00:52 ] Merge successful
[2026-06-14 20:00:52 ] Local changes detected. Committing and pushing...
[2026-06-14 20:00:52 ] Push successful
[2026-06-14 20:00:52 ] Running graphify update...
[2026-06-14 20:00:52 ] graphify failed (non-fatal): 'graphify' is not recognized as an internal or external command,
operable program or batch file.

[2026-06-14 20:00:52 ] === Sync complete ===
[2026-06-16 20:00:24 ] === Starting daily wiki sync ===
[2026-06-16 20:00:24 ] git fetch origin
[2026-06-16 20:00:24 ] No incoming changes
[2026-06-16 20:00:24 ] Local changes detected. Committing and pushing...
